
SQL*Loader: Release 19.0.0.0.0 - Production on 星期一 8月 3 09:00:28 2026
Version 19.3.0.0.0

Copyright (c) 1982, 2019, Oracle and/or its affiliates.  All rights reserved.

控制文件:      F:\python\pyqt\ljtoolbox\log\Z_ZPC_CARD_20260803_090028.ctl
数据文件:      F:/Documents/天和堂.csv
  错误文件:    F:\python\pyqt\ljtoolbox\log\天和堂.bad
  废弃文件:    未作指定
 
(可废弃所有记录)

要加载的数: ALL
要跳过的数: 1
允许的错误: 50
绑定数组: 250 行, 最大 1048576 字节
继续:    未作指定
所用路径:       常规

表 Z_ZPC_CARD,已加载从每个逻辑记录
插入选项对此表 APPEND 生效
TRAILING NULLCOLS 选项生效

   列名                  位置   长度  中止 包装 数据类型
------------------------------ ---------- ----- ---- ---- ---------------------
CARDID                              FIRST     *   ,  O (") CHARACTER            
INTEGRAL                             NEXT     *   ,  O (") CHARACTER            


表 Z_ZPC_CARD:
  已成功载入 678521 行。
  由于数据错误, 0 行 没有加载。
  由于所有 WHEN 子句失败, 0 行 没有加载。
  由于所有字段都为空值, 0 行 没有加载。


为绑定数组分配的空间:                129000 字节 (250 行)
读取   缓冲区字节数: 1048576

跳过的逻辑记录总数:          1
读取的逻辑记录总数:        678521
拒绝的逻辑记录总数:          0
废弃的逻辑记录总数:        0

从 星期一 8月  03 09:00:28 2026 开始运行
在 星期一 8月  03 09:00:46 2026 处运行结束

经过时间为: 00: 00: 17.97
CPU 时间为: 00: 00: 00.81
