
SQL*Loader: Release 19.0.0.0.0 - Production on 星期二 7月 7 10:54:06 2026
Version 19.3.0.0.0

Copyright (c) 1982, 2019, Oracle and/or its affiliates.  All rights reserved.

控制文件:      F:\python\pyqt\ljtoolbox\log\Z_ZPC_TMP_20260707_105406.ctl
数据文件:      F:/Documents/a.csv
  错误文件:    F:\python\pyqt\ljtoolbox\log\a.bad
  废弃文件:    未作指定
 
(可废弃所有记录)

要加载的数: ALL
要跳过的数: 1
允许的错误: 50
绑定数组: 250 行, 最大 1048576 字节
继续:    未作指定
所用路径:       常规

表 Z_ZPC_TMP,已加载从每个逻辑记录
插入选项对此表 APPEND 生效
TRAILING NULLCOLS 选项生效

   列名                  位置   长度  中止 包装 数据类型
------------------------------ ---------- ----- ---- ---- ---------------------
SUDOCDTLID                          FIRST     *   ,  O (") CHARACTER            
SUSETDTLID                           NEXT     *   ,  O (") CHARACTER            


表 Z_ZPC_TMP:
  已成功载入 504741 行。
  由于数据错误, 0 行 没有加载。
  由于所有 WHEN 子句失败, 0 行 没有加载。
  由于所有字段都为空值, 0 行 没有加载。


为绑定数组分配的空间:                129000 字节 (250 行)
读取   缓冲区字节数: 1048576

跳过的逻辑记录总数:          1
读取的逻辑记录总数:        504741
拒绝的逻辑记录总数:          0
废弃的逻辑记录总数:        0

从 星期二 7月  07 10:54:06 2026 开始运行
在 星期二 7月  07 10:54:33 2026 处运行结束

经过时间为: 00: 00: 26.89
CPU 时间为: 00: 00: 00.62
